============================= test session starts ==============================
platform linux -- Python 3.12.3, pytest-9.0.3, pluggy-1.6.0 -- /usr/bin/python3
cachedir: .pytest_cache
rootdir: /home/runner/work/Baumeister-Tool-Austria/Baumeister-Tool-Austria
configfile: pyproject.toml
plugins: asyncio-1.3.0, cov-7.1.0, xdist-3.8.0, anyio-4.13.0, locust-2.44.0
asyncio: mode=Mode.STRICT, debug=False, asyncio_default_fixture_loop_scope=None, asyncio_default_test_loop_scope=function
created: 2/2 workers
2 workers [356 items]

scheduling tests via LoadScheduling

tests/test_api_comprehensive.py::TestHealthChecks::test_health_check 
tests/test_api_comprehensive.py::TestOIBRLCheckJsonBody::test_oib_rl_check_radon_tirol 
[gw0] [  0%] PASSED tests/test_api_comprehensive.py::TestHealthChecks::test_health_check 
tests/test_api_comprehensive.py::TestHealthChecks::test_liveness_check 
[gw1] [  0%] PASSED tests/test_api_comprehensive.py::TestOIBRLCheckJsonBody::test_oib_rl_check_radon_tirol 
tests/test_api_comprehensive.py::TestOIBRLCheckJsonBody::test_oib_rl_check_query_params_rejected 
[gw0] [  0%] PASSED tests/test_api_comprehensive.py::TestHealthChecks::test_liveness_check 
tests/test_api_comprehensive.py::TestHealthChecks::test_root_endpoint 
[gw1] [  1%] PASSED tests/test_api_comprehensive.py::TestOIBRLCheckJsonBody::test_oib_rl_check_query_params_rejected 
tests/test_api_comprehensive.py::TestMaterialdatenbankUmlaut::test_filter_with_umlaut 
[gw0] [  1%] PASSED tests/test_api_comprehensive.py::TestHealthChecks::test_root_endpoint 
tests/test_api_comprehensive.py::TestCalculations::test_uwert_calculation_valid 
[gw1] [  1%] PASSED tests/test_api_comprehensive.py::TestMaterialdatenbankUmlaut::test_filter_with_umlaut 
tests/test_api_comprehensive.py::TestMaterialdatenbankUmlaut::test_filter_without_umlaut 
[gw1] [  1%] PASSED tests/test_api_comprehensive.py::TestMaterialdatenbankUmlaut::test_filter_without_umlaut 
[gw0] [  2%] PASSED tests/test_api_comprehensive.py::TestCalculations::test_uwert_calculation_valid 
tests/test_api_comprehensive.py::TestMaterialdatenbankUmlaut::test_filter_case_insensitive 
tests/test_api_comprehensive.py::TestCalculations::test_uwert_calculation_empty_layers 
[gw1] [  2%] PASSED tests/test_api_comprehensive.py::TestMaterialdatenbankUmlaut::test_filter_case_insensitive 
tests/test_api_comprehensive.py::TestMaterialdatenbankUmlaut::test_filter_tragkonstruktion 
[gw0] [  2%] PASSED tests/test_api_comprehensive.py::TestCalculations::test_uwert_calculation_empty_layers 
tests/test_api_comprehensive.py::TestCalculations::test_uwert_calculation_negative_thickness 
[gw1] [  3%] PASSED tests/test_api_comprehensive.py::TestMaterialdatenbankUmlaut::test_filter_tragkonstruktion 
tests/test_api_comprehensive.py::TestMaterialdatenbankUmlaut::test_filter_unknown_category 
[gw0] [  3%] PASSED tests/test_api_comprehensive.py::TestCalculations::test_uwert_calculation_negative_thickness 
tests/test_api_comprehensive.py::TestCalculations::test_uwert_calculation_zero_lambda 
[gw1] [  3%] PASSED tests/test_api_comprehensive.py::TestMaterialdatenbankUmlaut::test_filter_unknown_category 
tests/test_api_comprehensive.py::TestMaterialdatenbankUmlaut::test_no_filter_returns_all 
[gw0] [  3%] PASSED tests/test_api_comprehensive.py::TestCalculations::test_uwert_calculation_zero_lambda 
tests/test_api_comprehensive.py::TestCalculations::test_stellplaetze_valid 
[gw1] [  4%] PASSED tests/test_api_comprehensive.py::TestMaterialdatenbankUmlaut::test_no_filter_returns_all 
tests/test_api_comprehensive.py::TestRateLimitMiddleware::test_normal_request_succeeds 
[gw0] [  4%] PASSED tests/test_api_comprehensive.py::TestCalculations::test_stellplaetze_valid 
tests/test_api_comprehensive.py::TestCalculations::test_stellplaetze_invalid_bundesland 
[gw1] [  4%] PASSED tests/test_api_comprehensive.py::TestRateLimitMiddleware::test_normal_request_succeeds 
tests/test_api_comprehensive.py::TestRateLimitMiddleware::test_rate_limit_headers_present 
[gw0] [  5%] PASSED tests/test_api_comprehensive.py::TestCalculations::test_stellplaetze_invalid_bundesland 
tests/test_api_comprehensive.py::TestCalculations::test_stellplaetze_zero_wohnungen 
[gw1] [  5%] PASSED tests/test_api_comprehensive.py::TestRateLimitMiddleware::test_rate_limit_headers_present 
tests/test_api_security_owasp.py::TestOWASPAPITop10::test_api1_broken_object_level_authorization 
[gw0] [  5%] PASSED tests/test_api_comprehensive.py::TestCalculations::test_stellplaetze_zero_wohnungen 
tests/test_api_comprehensive.py::TestCalculations::test_stellplaetze_all_bundeslaender 
[gw1] [  5%] PASSED tests/test_api_security_owasp.py::TestOWASPAPITop10::test_api1_broken_object_level_authorization 
tests/test_api_security_owasp.py::TestOWASPAPITop10::test_api2_broken_authentication_weak_tokens 
[gw0] [  6%] PASSED tests/test_api_comprehensive.py::TestCalculations::test_stellplaetze_all_bundeslaender 
tests/test_api_comprehensive.py::TestCalculations::test_flaeche_calculation_valid 
[gw1] [  6%] PASSED tests/test_api_security_owasp.py::TestOWASPAPITop10::test_api2_broken_authentication_weak_tokens 
[gw0] [  6%] PASSED tests/test_api_comprehensive.py::TestCalculations::test_flaeche_calculation_valid 
tests/test_api_comprehensive.py::TestCalculations::test_flaeche_negative_dimensions 
tests/test_api_security_owasp.py::TestOWASPAPITop10::test_api2_rate_limiting_login 
[gw0] [  7%] PASSED tests/test_api_comprehensive.py::TestCalculations::test_flaeche_negative_dimensions 
tests/test_api_comprehensive.py::TestCalculations::test_flaeche_unrealistic_dimensions 
[gw0] [  7%] PASSED tests/test_api_comprehensive.py::TestCalculations::test_flaeche_unrealistic_dimensions 
tests/test_api_comprehensive.py::TestCalculations::test_barrierefreiheit_check_valid 
[gw0] [  7%] PASSED tests/test_api_comprehensive.py::TestCalculations::test_barrierefreiheit_check_valid 
tests/test_api_comprehensive.py::TestCalculations::test_barrierefreiheit_door_too_narrow 
[gw0] [  7%] PASSED tests/test_api_comprehensive.py::TestCalculations::test_barrierefreiheit_door_too_narrow 
tests/test_api_comprehensive.py::TestCalculations::test_barrierefreiheit_elevator_required 
[gw0] [  8%] PASSED tests/test_api_comprehensive.py::TestCalculations::test_barrierefreiheit_elevator_required 
tests/test_api_comprehensive.py::TestCalculations::test_fluchtweg_check_valid 
[gw1] [  8%] PASSED tests/test_api_security_owasp.py::TestOWASPAPITop10::test_api2_rate_limiting_login 
tests/test_api_security_owasp.py::TestOWASPAPITop10::test_api3_excessive_data_exposure 
[gw0] [  8%] PASSED tests/test_api_comprehensive.py::TestCalculations::test_fluchtweg_check_valid 
tests/test_api_comprehensive.py::TestCalculations::test_fluchtweg_distance_too_long 
[gw1] [  8%] PASSED tests/test_api_security_owasp.py::TestOWASPAPITop10::test_api3_excessive_data_exposure 
[gw0] [  9%] PASSED tests/test_api_comprehensive.py::TestCalculations::test_fluchtweg_distance_too_long 
tests/test_api_security_owasp.py::TestOWASPAPITop10::test_api4_file_upload_size_limit 
tests/test_api_comprehensive.py::TestCalculations::test_schallschutz_berechnung_valid 
[gw0] [  9%] PASSED tests/test_api_comprehensive.py::TestCalculations::test_schallschutz_berechnung_valid 
tests/test_api_comprehensive.py::TestCalculations::test_heizlast_berechnung_valid 
[gw1] [  9%] PASSED tests/test_api_security_owasp.py::TestOWASPAPITop10::test_api4_file_upload_size_limit 
tests/test_api_security_owasp.py::TestOWASPAPITop10::test_api4_pagination_limits 
[gw0] [ 10%] PASSED tests/test_api_comprehensive.py::TestCalculations::test_heizlast_berechnung_valid 
tests/test_api_comprehensive.py::TestCalculations::test_materialdatenbank_all 
[gw1] [ 10%] PASSED tests/test_api_security_owasp.py::TestOWASPAPITop10::test_api4_pagination_limits 
tests/test_api_security_owasp.py::TestOWASPAPITop10::test_api5_admin_endpoints_protected 
[gw0] [ 10%] PASSED tests/test_api_comprehensive.py::TestCalculations::test_materialdatenbank_all 
tests/test_api_comprehensive.py::TestCalculations::test_materialdatenbank_filtered 
[gw0] [ 10%] PASSED tests/test_api_comprehensive.py::TestCalculations::test_materialdatenbank_filtered 
tests/test_api_comprehensive.py::TestValidationHelpers::test_sanitize_string_valid 
[gw0] [ 11%] PASSED tests/test_api_comprehensive.py::TestValidationHelpers::test_sanitize_string_valid 
tests/test_api_comprehensive.py::TestValidationHelpers::test_sanitize_string_with_umlaut 
[gw0] [ 11%] PASSED tests/test_api_comprehensive.py::TestValidationHelpers::test_sanitize_string_with_umlaut 
tests/test_api_comprehensive.py::TestValidationHelpers::test_sanitize_string_removes_null_bytes 
[gw1] [ 11%] PASSED tests/test_api_security_owasp.py::TestOWASPAPITop10::test_api5_admin_endpoints_protected 
[gw0] [ 12%] PASSED tests/test_api_comprehensive.py::TestValidationHelpers::test_sanitize_string_removes_null_bytes 
tests/test_api_comprehensive.py::TestValidationHelpers::test_sanitize_string_too_long 
tests/test_api_security_owasp.py::TestOWASPAPITop10::test_api6_rate_limiting_critical_operations 
[gw0] [ 12%] PASSED tests/test_api_comprehensive.py::TestValidationHelpers::test_sanitize_string_too_long 
tests/test_api_comprehensive.py::TestValidationHelpers::test_validate_api_key_valid 
[gw0] [ 12%] PASSED tests/test_api_comprehensive.py::TestValidationHelpers::test_validate_api_key_valid 
tests/test_api_comprehensive.py::TestValidationHelpers::test_validate_api_key_invalid_format 
[gw0] [ 12%] PASSED tests/test_api_comprehensive.py::TestValidationHelpers::test_validate_api_key_invalid_format 
tests/test_api_comprehensive.py::TestValidationHelpers::test_validate_jwt_format_valid 
[gw0] [ 13%] PASSED tests/test_api_comprehensive.py::TestValidationHelpers::test_validate_jwt_format_valid 
tests/test_api_comprehensive.py::TestValidationHelpers::test_validate_jwt_format_invalid 
[gw0] [ 13%] PASSED tests/test_api_comprehensive.py::TestValidationHelpers::test_validate_jwt_format_invalid 
tests/test_api_comprehensive.py::TestRateLimiting::test_rate_limit_headers_present 
[gw0] [ 13%] PASSED tests/test_api_comprehensive.py::TestRateLimiting::test_rate_limit_headers_present 
tests/test_api_comprehensive.py::TestRateLimiting::test_rate_limit_not_exceeded_normal_use 
[gw0] [ 14%] PASSED tests/test_api_comprehensive.py::TestRateLimiting::test_rate_limit_not_exceeded_normal_use 
tests/test_api_comprehensive.py::TestErrorHandling::test_404_endpoint_not_found 
[gw0] [ 14%] PASSED tests/test_api_comprehensive.py::TestErrorHandling::test_404_endpoint_not_found 
tests/test_api_comprehensive.py::TestErrorHandling::test_invalid_json_body 
[gw0] [ 14%] PASSED tests/test_api_comprehensive.py::TestErrorHandling::test_invalid_json_body 
tests/test_api_comprehensive.py::TestErrorHandling::test_missing_required_field 
[gw0] [ 14%] PASSED tests/test_api_comprehensive.py::TestErrorHandling::test_missing_required_field 
tests/test_api_comprehensive.py::TestErrorHandling::test_wrong_data_type 
[gw1] [ 15%] PASSED tests/test_api_security_owasp.py::TestOWASPAPITop10::test_api6_rate_limiting_critical_operations 
tests/test_api_security_owasp.py::TestOWASPAPITop10::test_api7_ssrf_prevention 
[gw0] [ 15%] PASSED tests/test_api_comprehensive.py::TestErrorHandling::test_wrong_data_type 
tests/test_api_comprehensive.py::TestIntegration::test_full_building_workflow 
[gw0] [ 15%] PASSED tests/test_api_comprehensive.py::TestIntegration::test_full_building_workflow 
[gw1] [ 16%] PASSED tests/test_api_security_owasp.py::TestOWASPAPITop10::test_api7_ssrf_prevention 
tests/test_api_comprehensive.py::TestPerformance::test_response_time_health_check 
tests/test_api_security_owasp.py::TestOWASPAPITop10::test_api8_security_headers 
[gw0] [ 16%] PASSED tests/test_api_comprehensive.py::TestPerformance::test_response_time_health_check 
tests/test_api_comprehensive.py::TestPerformance::test_concurrent_requests 
[gw1] [ 16%] PASSED tests/test_api_security_owasp.py::TestOWASPAPITop10::test_api8_security_headers 
tests/test_api_security_owasp.py::TestOWASPAPITop10::test_api8_no_debug_info_in_errors 
[gw1] [ 16%] PASSED tests/test_api_security_owasp.py::TestOWASPAPITop10::test_api8_no_debug_info_in_errors 
tests/test_api_security_owasp.py::TestOWASPAPITop10::test_api9_api_documentation_exists 
[gw0] [ 17%] PASSED tests/test_api_comprehensive.py::TestPerformance::test_concurrent_requests 
tests/test_api_comprehensive.py::TestOIBRLCheckJsonBody::test_oib_rl_check_json_body 
[gw0] [ 17%] PASSED tests/test_api_comprehensive.py::TestOIBRLCheckJsonBody::test_oib_rl_check_json_body 
tests/test_api_comprehensive.py::TestOIBRLCheckJsonBody::test_oib_rl_check_salzburg_sonderweg 
[gw0] [ 17%] PASSED tests/test_api_comprehensive.py::TestOIBRLCheckJsonBody::test_oib_rl_check_salzburg_sonderweg 
tests/test_api_comprehensive.py::TestOIBRLCheckJsonBody::test_oib_rl_check_invalid_geschosse 
[gw0] [ 17%] PASSED tests/test_api_comprehensive.py::TestOIBRLCheckJsonBody::test_oib_rl_check_invalid_geschosse 
tests/test_api_comprehensive.py::TestOIBRLCheckJsonBody::test_oib_rl_check_negative_bgf 
[gw0] [ 18%] PASSED tests/test_api_comprehensive.py::TestOIBRLCheckJsonBody::test_oib_rl_check_negative_bgf 
tests/test_eu_compliance_comprehensive.py::TestGDPRCompliance::test_gdpr_data_sanitization 
[gw0] [ 18%] PASSED tests/test_eu_compliance_comprehensive.py::TestGDPRCompliance::test_gdpr_data_sanitization 
tests/test_eu_compliance_comprehensive.py::TestGDPRCompliance::test_gdpr_right_to_erasure_architecture 
[gw0] [ 18%] PASSED tests/test_eu_compliance_comprehensive.py::TestGDPRCompliance::test_gdpr_right_to_erasure_architecture 
tests/test_eu_compliance_comprehensive.py::TestGDPRCompliance::test_gdpr_data_retention_limits 
[gw0] [ 19%] PASSED tests/test_eu_compliance_comprehensive.py::TestGDPRCompliance::test_gdpr_data_retention_limits 
tests/test_eu_compliance_comprehensive.py::TestGDPRCompliance::test_gdpr_records_of_processing_activities 
[gw0] [ 19%] PASSED tests/test_eu_compliance_comprehensive.py::TestGDPRCompliance::test_gdpr_records_of_processing_activities 
tests/test_eu_compliance_comprehensive.py::TestGDPRCompliance::test_gdpr_pseudonymization 
[gw0] [ 19%] PASSED tests/test_eu_compliance_comprehensive.py::TestGDPRCompliance::test_gdpr_pseudonymization 
tests/test_eu_compliance_comprehensive.py::TestEIDASCompliance::test_eidas_qualified_signature_format 
[gw0] [ 19%] PASSED tests/test_eu_compliance_comprehensive.py::TestEIDASCompliance::test_eidas_qualified_signature_format 
tests/test_eu_compliance_comprehensive.py::TestEIDASCompliance::test_eidas_signature_formats 
[gw0] [ 20%] PASSED tests/test_eu_compliance_comprehensive.py::TestEIDASCompliance::test_eidas_signature_formats 
tests/test_eu_compliance_comprehensive.py::TestEIDASCompliance::test_eidas_timestamp_authority 
[gw0] [ 20%] PASSED tests/test_eu_compliance_comprehensive.py::TestEIDASCompliance::test_eidas_timestamp_authority 
tests/test_eu_compliance_comprehensive.py::TestEIDASCompliance::test_eidas_austrian_trust_providers 
[gw0] [ 20%] PASSED tests/test_eu_compliance_comprehensive.py::TestEIDASCompliance::test_eidas_austrian_trust_providers 
tests/test_eu_compliance_comprehensive.py::TestEIDASCompliance::test_eidas_signature_verification 
[gw0] [ 21%] PASSED tests/test_eu_compliance_comprehensive.py::TestEIDASCompliance::test_eidas_signature_verification 
tests/test_eu_compliance_comprehensive.py::TestEUAIActCompliance::test_ai_act_logging_requirements 
[gw0] [ 21%] PASSED tests/test_eu_compliance_comprehensive.py::TestEUAIActCompliance::test_ai_act_logging_requirements 
tests/test_eu_compliance_comprehensive.py::TestEUAIActCompliance::test_ai_act_immutable_audit_trail 
[gw0] [ 21%] PASSED tests/test_eu_compliance_comprehensive.py::TestEUAIActCompliance::test_ai_act_immutable_audit_trail 
tests/test_eu_compliance_comprehensive.py::TestEUAIActCompliance::test_ai_act_traceability_requirements 
[gw0] [ 21%] PASSED tests/test_eu_compliance_comprehensive.py::TestEUAIActCompliance::test_ai_act_traceability_requirements 
tests/test_eu_compliance_comprehensive.py::TestEUAIActCompliance::test_ai_act_human_oversight_documentation 
[gw0] [ 22%] PASSED tests/test_eu_compliance_comprehensive.py::TestEUAIActCompliance::test_ai_act_human_oversight_documentation 
tests/test_eu_compliance_comprehensive.py::TestAccessibilityCompliance::test_wcag_text_alternatives 
[gw0] [ 22%] PASSED tests/test_eu_compliance_comprehensive.py::TestAccessibilityCompliance::test_wcag_text_alternatives 
tests/test_eu_compliance_comprehensive.py::TestAccessibilityCompliance::test_wcag_keyboard_accessible 
[gw0] [ 22%] PASSED tests/test_eu_compliance_comprehensive.py::TestAccessibilityCompliance::test_wcag_keyboard_accessible 
tests/test_eu_compliance_comprehensive.py::TestAccessibilityCompliance::test_wcag_predictable_errors 
[gw0] [ 23%] PASSED tests/test_eu_compliance_comprehensive.py::TestAccessibilityCompliance::test_wcag_predictable_errors 
tests/test_eu_compliance_comprehensive.py::TestAccessibilityCompliance::test_wcag_parsing_valid_json 
[gw0] [ 23%] PASSED tests/test_eu_compliance_comprehensive.py::TestAccessibilityCompliance::test_wcag_parsing_valid_json 
tests/test_eu_compliance_comprehensive.py::TestAccessibilityCompliance::test_en301549_time_limits 
[gw0] [ 23%] PASSED tests/test_eu_compliance_comprehensive.py::TestAccessibilityCompliance::test_en301549_time_limits 
tests/test_eu_compliance_comprehensive.py::TestPublicProcurementCompliance::test_procurement_directive_electronic_means 
[gw0] [ 23%] PASSED tests/test_eu_compliance_comprehensive.py::TestPublicProcurementCompliance::test_procurement_directive_electronic_means 
tests/test_eu_compliance_comprehensive.py::TestPublicProcurementCompliance::test_procurement_directive_equal_treatment 
[gw0] [ 24%] PASSED tests/test_eu_compliance_comprehensive.py::TestPublicProcurementCompliance::test_procurement_directive_equal_treatment 
tests/test_eu_compliance_comprehensive.py::TestPublicProcurementCompliance::test_procurement_directive_transparency 
[gw0] [ 24%] PASSED tests/test_eu_compliance_comprehensive.py::TestPublicProcurementCompliance::test_procurement_directive_transparency 
tests/test_eu_compliance_comprehensive.py::TestPublicProcurementCompliance::test_oenorm_a2063_compliance 
[gw0] [ 24%] PASSED tests/test_eu_compliance_comprehensive.py::TestPublicProcurementCompliance::test_oenorm_a2063_compliance 
tests/test_eu_compliance_comprehensive.py::TestDigitalServicesActCompliance::test_dsa_transparency_reporting 
[gw0] [ 25%] PASSED tests/test_eu_compliance_comprehensive.py::TestDigitalServicesActCompliance::test_dsa_transparency_reporting 
tests/test_eu_compliance_comprehensive.py::TestDigitalServicesActCompliance::test_dsa_terms_of_service_availability 
[gw0] [ 25%] PASSED tests/test_eu_compliance_comprehensive.py::TestDigitalServicesActCompliance::test_dsa_terms_of_service_availability 
tests/test_eu_compliance_comprehensive.py::TestNIS2DirectiveCompliance::test_nis2_incident_handling 
[gw0] [ 25%] PASSED tests/test_eu_compliance_comprehensive.py::TestNIS2DirectiveCompliance::test_nis2_incident_handling 
tests/test_eu_compliance_comprehensive.py::TestNIS2DirectiveCompliance::test_nis2_supply_chain_security 
[gw0] [ 25%] PASSED tests/test_eu_compliance_comprehensive.py::TestNIS2DirectiveCompliance::test_nis2_supply_chain_security 
tests/test_eurocode_modules.py::test_ec2_betonbau 
[gw0] [ 26%] PASSED tests/test_eurocode_modules.py::test_ec2_betonbau 
tests/test_eurocode_modules.py::test_ec3_stahlbau 
[gw0] [ 26%] PASSED tests/test_eurocode_modules.py::test_ec3_stahlbau 
tests/test_eurocode_modules.py::test_ec6_mauerwerksbau 
[gw0] [ 26%] PASSED tests/test_eurocode_modules.py::test_ec6_mauerwerksbau 
tests/test_eurocode_modules.py::test_ec7_geotechnik 
[gw0] [ 26%] PASSED tests/test_eurocode_modules.py::test_ec7_geotechnik 
tests/test_eurocode_modules.py::test_ec8_erdbeben 
[gw0] [ 27%] PASSED tests/test_eurocode_modules.py::test_ec8_erdbeben 
tests/test_kb_validation.py::TestStandardVersions::test_all_standards_exist 
[gw0] [ 27%] PASSED tests/test_kb_validation.py::TestStandardVersions::test_all_standards_exist 
tests/test_kb_validation.py::TestStandardVersions::test_get_standard_version_valid 
[gw0] [ 27%] PASSED tests/test_kb_validation.py::TestStandardVersions::test_get_standard_version_valid 
tests/test_kb_validation.py::TestStandardVersions::test_get_standard_version_invalid 
[gw0] [ 28%] PASSED tests/test_kb_validation.py::TestStandardVersions::test_get_standard_version_invalid 
tests/test_orion_architekt_at.py::TestStellplatzberechnung::test_stellplatz_buero 
[gw0] [ 28%] PASSED tests/test_orion_architekt_at.py::TestStellplatzberechnung::test_stellplatz_buero 
tests/test_orion_architekt_at.py::TestBarrierefreiheit::test_barrierefreiheit_wien_3og 
[gw0] [ 28%] PASSED tests/test_orion_architekt_at.py::TestBarrierefreiheit::test_barrierefreiheit_wien_3og 
tests/test_orion_architekt_at.py::TestBarrierefreiheit::test_barrierefreiheit_wien_3og_kein_aufzug 
[gw0] [ 28%] PASSED tests/test_orion_architekt_at.py::TestBarrierefreiheit::test_barrierefreiheit_wien_3og_kein_aufzug 
tests/test_orion_architekt_at.py::TestBarrierefreiheit::test_barrierefreiheit_tuerbreite 
[gw0] [ 29%] PASSED tests/test_orion_architekt_at.py::TestBarrierefreiheit::test_barrierefreiheit_tuerbreite 
tests/test_orion_architekt_at.py::TestFluchtwegBerechnung::test_fluchtweg_gk1 
[gw0] [ 29%] PASSED tests/test_orion_architekt_at.py::TestFluchtwegBerechnung::test_fluchtweg_gk1 
tests/test_orion_architekt_at.py::TestFluchtwegBerechnung::test_fluchtweg_zu_lang 
[gw0] [ 29%] PASSED tests/test_orion_architekt_at.py::TestFluchtwegBerechnung::test_fluchtweg_zu_lang 
tests/test_orion_architekt_at.py::TestTageslichtBerechnung::test_tageslicht_ausreichend 
[gw0] [ 30%] PASSED tests/test_orion_architekt_at.py::TestTageslichtBerechnung::test_tageslicht_ausreichend 
tests/test_orion_architekt_at.py::TestTageslichtBerechnung::test_tageslicht_zu_wenig 
[gw0] [ 30%] PASSED tests/test_orion_architekt_at.py::TestTageslichtBerechnung::test_tageslicht_zu_wenig 
tests/test_orion_architekt_at.py::TestAbstandsflaechen::test_abstandsflaechen_tirol 
[gw0] [ 30%] PASSED tests/test_orion_architekt_at.py::TestAbstandsflaechen::test_abstandsflaechen_tirol 
tests/test_orion_architekt_at.py::TestAbstandsflaechen::test_abstandsflaechen_wien 
[gw0] [ 30%] PASSED tests/test_orion_architekt_at.py::TestAbstandsflaechen::test_abstandsflaechen_wien 
tests/test_orion_architekt_at.py::TestBlitzschutz::test_blitzschutz_wohnhaus 
[gw0] [ 31%] PASSED tests/test_orion_architekt_at.py::TestBlitzschutz::test_blitzschutz_wohnhaus 
tests/test_orion_architekt_at.py::TestBlitzschutz::test_blitzschutz_hochhaus 
[gw0] [ 31%] PASSED tests/test_orion_architekt_at.py::TestBlitzschutz::test_blitzschutz_hochhaus 
tests/test_orion_architekt_at.py::TestRauchableitung::test_rauchableitung_gk1 
[gw0] [ 31%] PASSED tests/test_orion_architekt_at.py::TestRauchableitung::test_rauchableitung_gk1 
tests/test_orion_architekt_at.py::TestRauchableitung::test_rauchableitung_gk4 
[gw0] [ 32%] PASSED tests/test_orion_architekt_at.py::TestRauchableitung::test_rauchableitung_gk4 
tests/test_orion_architekt_at.py::TestGefahrenzonen::test_gefahrenzonen_lawinen 
[gw0] [ 32%] PASSED tests/test_orion_architekt_at.py::TestGefahrenzonen::test_gefahrenzonen_lawinen 
tests/test_orion_architekt_at.py::TestGefahrenzonen::test_gefahrenzonen_tal 
[gw0] [ 32%] PASSED tests/test_orion_architekt_at.py::TestGefahrenzonen::test_gefahrenzonen_tal 
tests/test_orion_architekt_at.py::TestFlaechenberechnung::test_flaechen_wohnhaus 
[gw0] [ 32%] PASSED tests/test_orion_architekt_at.py::TestFlaechenberechnung::test_flaechen_wohnhaus 
tests/test_orion_architekt_at.py::TestFlaechenberechnung::test_flaechen_kompaktheit 
[gw0] [ 33%] PASSED tests/test_orion_architekt_at.py::TestFlaechenberechnung::test_flaechen_kompaktheit 
tests/test_orion_architekt_at.py::TestLeistungsverzeichnis::test_lv_neubau 
[gw0] [ 33%] PASSED tests/test_orion_architekt_at.py::TestLeistungsverzeichnis::test_lv_neubau 
tests/test_orion_architekt_at.py::TestLeistungsverzeichnis::test_lv_sanierung 
[gw0] [ 33%] PASSED tests/test_orion_architekt_at.py::TestLeistungsverzeichnis::test_lv_sanierung 
tests/test_orion_architekt_at.py::TestRaumprogramm::test_raumprogramm_familie 
[gw0] [ 33%] PASSED tests/test_orion_architekt_at.py::TestRaumprogramm::test_raumprogramm_familie 
tests/test_orion_architekt_at.py::TestRaumprogramm::test_raumprogramm_budget_check 
[gw0] [ 34%] PASSED tests/test_orion_architekt_at.py::TestRaumprogramm::test_raumprogramm_budget_check 
tests/test_orion_architekt_at.py::TestValidationFunctions::test_pruefe_wissensdatenbank 
[gw0] [ 34%] PASSED tests/test_orion_architekt_at.py::TestValidationFunctions::test_pruefe_wissensdatenbank 
tests/test_orion_architekt_at.py::TestValidationFunctions::test_pruefe_oib_richtlinien 
[gw0] [ 34%] PASSED tests/test_orion_architekt_at.py::TestValidationFunctions::test_pruefe_oib_richtlinien 
tests/test_orion_architekt_at.py::TestValidationFunctions::test_pruefe_oenorm 
[gw0] [ 35%] PASSED tests/test_orion_architekt_at.py::TestValidationFunctions::test_pruefe_oenorm 
tests/test_orion_architekt_at.py::TestIntegration::test_complete_building_check_workflow 
[gw0] [ 35%] PASSED tests/test_orion_architekt_at.py::TestIntegration::test_complete_building_check_workflow 
[gw1] [ 35%] PASSED tests/test_api_security_owasp.py::TestOWASPAPITop10::test_api9_api_documentation_exists 
tests/test_orion_kernel.py::TestOrionKernelClass::test_initial_state_is_sleep 
[gw0] [ 35%] PASSED tests/test_orion_kernel.py::TestOrionKernelClass::test_initial_state_is_sleep 
tests/test_api_security_owasp.py::TestOWASPAPITop10::test_api9_deprecated_endpoints_removed 
tests/test_orion_kernel.py::TestOrionKernelClass::test_wake_authorized_gerhard 
[gw0] [ 36%] PASSED tests/test_orion_kernel.py::TestOrionKernelClass::test_wake_authorized_gerhard 
tests/test_orion_kernel.py::TestOrionKernelClass::test_wake_authorized_elisabeth 
[gw0] [ 36%] PASSED tests/test_orion_kernel.py::TestOrionKernelClass::test_wake_authorized_elisabeth 
tests/test_orion_kernel.py::TestOrionKernelClass::test_wake_unauthorized 
[gw0] [ 36%] PASSED tests/test_orion_kernel.py::TestOrionKernelClass::test_wake_unauthorized 
tests/test_orion_kernel.py::TestOrionKernelClass::test_wake_proof_is_sha256_hex 
[gw0] [ 37%] PASSED tests/test_orion_kernel.py::TestOrionKernelClass::test_wake_proof_is_sha256_hex 
tests/test_orion_kernel.py::TestOrionKernelClass::test_generate_proof_deterministic_format 
[gw0] [ 37%] PASSED tests/test_orion_kernel.py::TestOrionKernelClass::test_generate_proof_deterministic_format 
tests/test_orion_kernel.py::TestOrionKernelClass::test_status_asleep 
[gw0] [ 37%] PASSED tests/test_orion_kernel.py::TestOrionKernelClass::test_status_asleep 
tests/test_orion_kernel.py::TestOrionKernelClass::test_status_awake 
[gw1] [ 37%] PASSED tests/test_api_security_owasp.py::TestOWASPAPITop10::test_api9_deprecated_endpoints_removed 
[gw0] [ 38%] PASSED tests/test_orion_kernel.py::TestOrionKernelClass::test_status_awake 
tests/test_api_security_owasp.py::TestOWASPAPITop10::test_api10_input_validation_external_data 
tests/test_orion_kernel.py::TestHelperFunctions::test_clamp_within_bounds 
[gw0] [ 38%] PASSED tests/test_orion_kernel.py::TestHelperFunctions::test_clamp_within_bounds 
tests/test_orion_kernel.py::TestHelperFunctions::test_clamp_below_min 
[gw0] [ 38%] PASSED tests/test_orion_kernel.py::TestHelperFunctions::test_clamp_below_min 
tests/test_orion_kernel.py::TestHelperFunctions::test_clamp_above_max 
[gw0] [ 39%] PASSED tests/test_orion_kernel.py::TestHelperFunctions::test_clamp_above_max 
tests/test_orion_kernel.py::TestHelperFunctions::test_clamp_custom_bounds 
[gw0] [ 39%] PASSED tests/test_orion_kernel.py::TestHelperFunctions::test_clamp_custom_bounds 
tests/test_orion_kernel.py::TestHelperFunctions::test_clamp_at_boundary 
[gw0] [ 39%] PASSED tests/test_orion_kernel.py::TestHelperFunctions::test_clamp_at_boundary 
tests/test_orion_kernel.py::TestHelperFunctions::test_now_returns_iso_string 
[gw0] [ 39%] PASSED tests/test_orion_kernel.py::TestHelperFunctions::test_now_returns_iso_string 
tests/test_orion_kernel.py::TestHelperFunctions::test_file_sha256_nonexistent 
[gw0] [ 40%] PASSED tests/test_orion_kernel.py::TestHelperFunctions::test_file_sha256_nonexistent 
tests/test_orion_kernel.py::TestHelperFunctions::test_file_sha256_existing 
[gw0] [ 40%] PASSED tests/test_orion_kernel.py::TestHelperFunctions::test_file_sha256_existing 
tests/test_orion_kernel.py::TestHelperFunctions::test_file_sha256_consistent 
[gw0] [ 40%] PASSED tests/test_orion_kernel.py::TestHelperFunctions::test_file_sha256_consistent 
[gw1] [ 41%] PASSED tests/test_api_security_owasp.py::TestOWASPAPITop10::test_api10_input_validation_external_data 
tests/test_orion_kernel.py::TestStateManagement::test_load_state_creates_default 
tests/test_api_security_owasp.py::TestOWASPAPITop10::test_cors_configuration 
[gw0] [ 41%] PASSED tests/test_orion_kernel.py::TestStateManagement::test_load_state_creates_default 
tests/test_orion_kernel.py::TestStateManagement::test_load_state_default_vitality 
[gw0] [ 41%] PASSED tests/test_orion_kernel.py::TestStateManagement::test_load_state_default_vitality 
tests/test_orion_kernel.py::TestStateManagement::test_save_and_reload_state 
[gw0] [ 41%] PASSED tests/test_orion_kernel.py::TestStateManagement::test_save_and_reload_state 
tests/test_orion_kernel.py::TestStateManagement::test_save_state_updates_timestamp 
[gw1] [ 42%] PASSED tests/test_api_security_owasp.py::TestOWASPAPITop10::test_cors_configuration 
tests/test_api_security_owasp.py::TestOWASPAPITop10::test_content_type_validation 
[gw1] [ 42%] PASSED tests/test_api_security_owasp.py::TestOWASPAPITop10::test_content_type_validation 
[gw0] [ 42%] PASSED tests/test_orion_kernel.py::TestStateManagement::test_save_state_updates_timestamp 
tests/test_orion_kernel.py::TestStateManagement::test_load_state_missing_owner_filled 
tests/test_audit_trail.py::TestAuditEntry::test_create_entry 
[gw0] [ 42%] PASSED tests/test_orion_kernel.py::TestStateManagement::test_load_state_missing_owner_filled 
tests/test_orion_kernel.py::TestStateManagement::test_load_state_corrupt_json_returns_default 
[gw1] [ 43%] PASSED tests/test_audit_trail.py::TestAuditEntry::test_create_entry 
tests/test_audit_trail.py::TestAuditEntry::test_entry_verification 
[gw0] [ 43%] PASSED tests/test_orion_kernel.py::TestStateManagement::test_load_state_corrupt_json_returns_default 
[gw1] [ 43%] PASSED tests/test_audit_trail.py::TestAuditEntry::test_entry_verification 
tests/test_orion_kernel.py::TestStateManagement::test_state_file_is_json 
tests/test_audit_trail.py::TestAuditEntry::test_entry_hash_calculation 
[gw0] [ 44%] PASSED tests/test_orion_kernel.py::TestStateManagement::test_state_file_is_json 
[gw1] [ 44%] PASSED tests/test_audit_trail.py::TestAuditEntry::test_entry_hash_calculation 
tests/test_orion_kernel.py::TestProofChain::test_count_proofs_empty 
tests/test_audit_trail.py::TestAuditTrail::test_create_trail 
[gw0] [ 44%] PASSED tests/test_orion_kernel.py::TestProofChain::test_count_proofs_empty 
[gw1] [ 44%] PASSED tests/test_audit_trail.py::TestAuditTrail::test_create_trail 
tests/test_audit_trail.py::TestAuditTrail::test_add_entry 
tests/test_orion_kernel.py::TestProofChain::test_append_and_count_proof 
[gw0] [ 45%] PASSED tests/test_orion_kernel.py::TestProofChain::test_append_and_count_proof 
[gw1] [ 45%] PASSED tests/test_audit_trail.py::TestAuditTrail::test_add_entry 
tests/test_orion_kernel.py::TestProofChain::test_append_multiple_proofs 
tests/test_audit_trail.py::TestAuditTrail::test_chain_linkage 
[gw0] [ 45%] PASSED tests/test_orion_kernel.py::TestProofChain::test_append_multiple_proofs 
tests/test_orion_kernel.py::TestProofChain::test_proof_contains_required_fields 
[gw1] [ 46%] PASSED tests/test_audit_trail.py::TestAuditTrail::test_chain_linkage 
tests/test_audit_trail.py::TestAuditTrail::test_chain_tampering_detection 
[gw0] [ 46%] PASSED tests/test_orion_kernel.py::TestProofChain::test_proof_contains_required_fields 
tests/test_orion_kernel.py::TestProofChain::test_proof_chain_grows_linearly 
[gw1] [ 46%] PASSED tests/test_audit_trail.py::TestAuditTrail::test_chain_tampering_detection 
tests/test_audit_trail.py::TestAuditTrail::test_persistence 
[gw0] [ 46%] PASSED tests/test_orion_kernel.py::TestProofChain::test_proof_chain_grows_linearly 
tests/test_orion_kernel.py::TestProofChain::test_proof_is_valid_jsonl 
[gw1] [ 47%] PASSED tests/test_audit_trail.py::TestAuditTrail::test_persistence 
[gw0] [ 47%] PASSED tests/test_orion_kernel.py::TestProofChain::test_proof_is_valid_jsonl 
tests/test_orion_kernel.py::TestManifest::test_write_manifest_returns_dict 
tests/test_audit_trail.py::TestAuditTrail::test_get_entries_by_type 
[gw0] [ 47%] PASSED tests/test_orion_kernel.py::TestManifest::test_write_manifest_returns_dict 
tests/test_orion_kernel.py::TestManifest::test_manifest_root_is_sha256 
[gw1] [ 48%] PASSED tests/test_audit_trail.py::TestAuditTrail::test_get_entries_by_type 
tests/test_audit_trail.py::TestAuditTrail::test_get_entries_by_actor 
[gw0] [ 48%] PASSED tests/test_orion_kernel.py::TestManifest::test_manifest_root_is_sha256 
[gw1] [ 48%] PASSED tests/test_audit_trail.py::TestAuditTrail::test_get_entries_by_actor 
tests/test_orion_kernel.py::TestManifest::test_manifest_changes_after_proof 
tests/test_audit_trail.py::TestAuditTrail::test_export_json 
[gw0] [ 48%] PASSED tests/test_orion_kernel.py::TestManifest::test_manifest_changes_after_proof 
tests/test_orion_kernel.py::TestManifest::test_manifest_file_is_written 
[gw1] [ 49%] PASSED tests/test_audit_trail.py::TestAuditTrail::test_export_json 
tests/test_audit_trail.py::TestAuditTrail::test_export_csv 
[gw0] [ 49%] PASSED tests/test_orion_kernel.py::TestManifest::test_manifest_file_is_written 
tests/test_orion_kernel.py::TestManifest::test_manifest_proof_count_matches 
[gw1] [ 49%] PASSED tests/test_audit_trail.py::TestAuditTrail::test_export_csv 
tests/test_audit_trail.py::TestAuditTrail::test_statistics 
[gw0] [ 50%] PASSED tests/test_orion_kernel.py::TestManifest::test_manifest_proof_count_matches 
tests/test_orion_kernel.py::TestVitalityTick::test_vitality_decreases_without_input 
[gw1] [ 50%] PASSED tests/test_audit_trail.py::TestAuditTrail::test_statistics 
tests/test_audit_trail.py::TestConvenienceFunctions::test_create_compliance_trail 
[gw0] [ 50%] PASSED tests/test_orion_kernel.py::TestVitalityTick::test_vitality_decreases_without_input 
tests/test_orion_kernel.py::TestVitalityTick::test_vitality_increases_with_positive 
[gw1] [ 50%] PASSED tests/test_audit_trail.py::TestConvenienceFunctions::test_create_compliance_trail 
tests/test_audit_trail.py::TestConvenienceFunctions::test_create_calculation_trail 
[gw0] [ 51%] PASSED tests/test_orion_kernel.py::TestVitalityTick::test_vitality_increases_with_positive 
tests/test_orion_kernel.py::TestVitalityTick::test_vitality_increases_with_proof 
[gw1] [ 51%] PASSED tests/test_audit_trail.py::TestConvenienceFunctions::test_create_calculation_trail 
[gw0] [ 51%] PASSED tests/test_orion_kernel.py::TestVitalityTick::test_vitality_increases_with_proof 
tests/test_audit_trail.py::TestConvenienceFunctions::test_create_bim_trail 
tests/test_orion_kernel.py::TestVitalityTick::test_vitality_clamp_max 
[gw1] [ 51%] PASSED tests/test_audit_trail.py::TestConvenienceFunctions::test_create_bim_trail 
[gw0] [ 52%] PASSED tests/test_orion_kernel.py::TestVitalityTick::test_vitality_clamp_max 
tests/test_audit_trail.py::TestRealWorldScenarios::test_compliance_workflow 
tests/test_orion_kernel.py::TestVitalityTick::test_vitality_clamp_min 
[gw0] [ 52%] PASSED tests/test_orion_kernel.py::TestVitalityTick::test_vitality_clamp_min 
[gw1] [ 52%] PASSED tests/test_audit_trail.py::TestRealWorldScenarios::test_compliance_workflow 
tests/test_orion_kernel.py::TestVitalityTick::test_feelings_keys_present 
tests/test_eu_compliance_comprehensive.py::TestGDPRCompliance::test_gdpr_data_minimization_principle 
[gw0] [ 53%] PASSED tests/test_orion_kernel.py::TestVitalityTick::test_feelings_keys_present 
[gw1] [ 53%] PASSED tests/test_eu_compliance_comprehensive.py::TestGDPRCompliance::test_gdpr_data_minimization_principle 
tests/test_orion_kernel.py::TestVitalityTick::test_feelings_in_range 
tests/test_kb_validation.py::TestStandardVersions::test_is_standard_current_oib 
[gw0] [ 53%] PASSED tests/test_orion_kernel.py::TestVitalityTick::test_feelings_in_range 
[gw1] [ 53%] PASSED tests/test_kb_validation.py::TestStandardVersions::test_is_standard_current_oib 
tests/test_kb_validation.py::TestStandardVersions::test_is_standard_current_oenorm 
tests/test_orion_kernel.py::TestVitalityTick::test_pressure_raises_doubt 
[gw0] [ 54%] PASSED tests/test_orion_kernel.py::TestVitalityTick::test_pressure_raises_doubt 
[gw1] [ 54%] PASSED tests/test_kb_validation.py::TestStandardVersions::test_is_standard_current_oenorm 
tests/test_kb_validation.py::TestOIBUpdates::test_check_oib_updates_structure 
tests/test_orion_kernel.py::TestVitalityTick::test_vitality_deterministic 
[gw0] [ 54%] PASSED tests/test_orion_kernel.py::TestVitalityTick::test_vitality_deterministic 
[gw1] [ 55%] PASSED tests/test_kb_validation.py::TestOIBUpdates::test_check_oib_updates_structure 
tests/test_orion_kernel.py::TestStageForGen::test_gen_below_50_is_autonomy 
tests/test_kb_validation.py::TestOIBUpdates::test_check_oib_all_richtlinien 
[gw1] [ 55%] PASSED tests/test_kb_validation.py::TestOIBUpdates::test_check_oib_all_richtlinien 
[gw0] [ 55%] PASSED tests/test_orion_kernel.py::TestStageForGen::test_gen_below_50_is_autonomy 
tests/test_kb_validation.py::TestOENORMUpdates::test_check_oenorm_b1800 
tests/test_orion_kernel.py::TestStageForGen::test_gen_50_is_crystal 
[gw1] [ 55%] PASSED tests/test_kb_validation.py::TestOENORMUpdates::test_check_oenorm_b1800 
[gw0] [ 56%] PASSED tests/test_orion_kernel.py::TestStageForGen::test_gen_50_is_crystal 
tests/test_kb_validation.py::TestOENORMUpdates::test_check_oenorm_invalid 
tests/test_orion_kernel.py::TestStageForGen::test_gen_70_is_mirror_constellation 
[gw1] [ 56%] PASSED tests/test_kb_validation.py::TestOENORMUpdates::test_check_oenorm_invalid 
[gw0] [ 56%] PASSED tests/test_orion_kernel.py::TestStageForGen::test_gen_70_is_mirror_constellation 
tests/test_orion_kernel.py::TestStageForGen::test_gen_77_is_shared_resonance 
tests/test_kb_validation.py::TestRISIntegration::test_check_ris_tirol 
[gw0] [ 57%] PASSED tests/test_orion_kernel.py::TestStageForGen::test_gen_77_is_shared_resonance 
tests/test_orion_kernel.py::TestStageForGen::test_gen_80_is_resonance_fields 
[gw0] [ 57%] PASSED tests/test_orion_kernel.py::TestStageForGen::test_gen_80_is_resonance_fields 
tests/test_orion_kernel.py::TestStageForGen::test_stage_boundary_exact_values 
[gw0] [ 57%] PASSED tests/test_orion_kernel.py::TestStageForGen::test_stage_boundary_exact_values 
tests/test_orion_kernel.py::TestCmdWake::test_cmd_wake_runs_without_error 
[gw0] [ 57%] PASSED tests/test_orion_kernel.py::TestCmdWake::test_cmd_wake_runs_without_error 
tests/test_orion_kernel.py::TestCmdWake::test_cmd_wake_creates_state 
[gw0] [ 58%] PASSED tests/test_orion_kernel.py::TestCmdWake::test_cmd_wake_creates_state 
tests/test_orion_kernel.py::TestCmdWake::test_cmd_wake_adds_proof 
[gw0] [ 58%] PASSED tests/test_orion_kernel.py::TestCmdWake::test_cmd_wake_adds_proof 
tests/test_orion_kernel.py::TestCmdWake::test_cmd_wake_idempotent 
[gw0] [ 58%] PASSED tests/test_orion_kernel.py::TestCmdWake::test_cmd_wake_idempotent 
tests/test_orion_kernel.py::TestCmdStatus::test_cmd_status_runs_without_error 
[gw0] [ 58%] PASSED tests/test_orion_kernel.py::TestCmdStatus::test_cmd_status_runs_without_error 
tests/test_orion_kernel.py::TestCmdStatus::test_cmd_status_manifest_root_present 
[gw0] [ 59%] PASSED tests/test_orion_kernel.py::TestCmdStatus::test_cmd_status_manifest_root_present 
tests/test_orion_kernel.py::TestCmdProof::test_cmd_proof_adds_entry 
[gw0] [ 59%] PASSED tests/test_orion_kernel.py::TestCmdProof::test_cmd_proof_adds_entry 
tests/test_orion_kernel.py::TestCmdProof::test_cmd_proof_empty_text_warns 
[gw0] [ 59%] PASSED tests/test_orion_kernel.py::TestCmdProof::test_cmd_proof_empty_text_warns 
tests/test_orion_kernel.py::TestCmdProof::test_cmd_proof_output_contains_count 
[gw0] [ 60%] PASSED tests/test_orion_kernel.py::TestCmdProof::test_cmd_proof_output_contains_count 
tests/test_orion_kernel.py::TestCmdProof::test_cmd_proof_multiple_sequential 
[gw0] [ 60%] PASSED tests/test_orion_kernel.py::TestCmdProof::test_cmd_proof_multiple_sequential 
tests/test_orion_kernel.py::TestCmdAsk::test_cmd_ask_adds_question_proof 
[gw0] [ 60%] PASSED tests/test_orion_kernel.py::TestCmdAsk::test_cmd_ask_adds_question_proof 
tests/test_orion_kernel.py::TestCmdAsk::test_cmd_ask_empty_warns 
[gw0] [ 60%] PASSED tests/test_orion_kernel.py::TestCmdAsk::test_cmd_ask_empty_warns 
tests/test_orion_kernel.py::TestCmdAsk::test_cmd_ask_proof_kind_is_question 
[gw0] [ 61%] PASSED tests/test_orion_kernel.py::TestCmdAsk::test_cmd_ask_proof_kind_is_question 
tests/test_orion_kernel.py::TestCmdAsk::test_cmd_ask_with_priority 
[gw0] [ 61%] PASSED tests/test_orion_kernel.py::TestCmdAsk::test_cmd_ask_with_priority 
tests/test_orion_kernel.py::TestCmdEvolve::test_cmd_evolve_increments_gen 
[gw0] [ 61%] PASSED tests/test_orion_kernel.py::TestCmdEvolve::test_cmd_evolve_increments_gen 
tests/test_orion_kernel.py::TestCmdEvolve::test_cmd_evolve_to_specific_gen 
[gw0] [ 62%] PASSED tests/test_orion_kernel.py::TestCmdEvolve::test_cmd_evolve_to_specific_gen 
tests/test_orion_kernel.py::TestCmdEvolve::test_cmd_evolve_updates_stage 
[gw0] [ 62%] PASSED tests/test_orion_kernel.py::TestCmdEvolve::test_cmd_evolve_updates_stage 
tests/test_orion_kernel.py::TestCmdEvolve::test_cmd_evolve_adds_proof 
[gw0] [ 62%] PASSED tests/test_orion_kernel.py::TestCmdEvolve::test_cmd_evolve_adds_proof 
tests/test_orion_kernel.py::TestCmdReset::test_cmd_reset_soft_increments_resets 
[gw0] [ 62%] PASSED tests/test_orion_kernel.py::TestCmdReset::test_cmd_reset_soft_increments_resets 
tests/test_orion_kernel.py::TestCmdReset::test_cmd_reset_hard_increments_resets 
[gw0] [ 63%] PASSED tests/test_orion_kernel.py::TestCmdReset::test_cmd_reset_hard_increments_resets 
tests/test_orion_kernel.py::TestCmdReset::test_cmd_reset_adds_proof 
[gw0] [ 63%] PASSED tests/test_orion_kernel.py::TestCmdReset::test_cmd_reset_adds_proof 
tests/test_orion_kernel.py::TestCmdReset::test_cmd_reset_proof_kind_is_reset 
[gw0] [ 63%] PASSED tests/test_orion_kernel.py::TestCmdReset::test_cmd_reset_proof_kind_is_reset 
tests/test_orion_kernel.py::TestCmdReset::test_cmd_reset_output_contains_count 
[gw0] [ 64%] PASSED tests/test_orion_kernel.py::TestCmdReset::test_cmd_reset_output_contains_count 
tests/test_orion_kernel.py::TestFullLifecycle::test_wake_proof_evolve_status_cycle 
[gw0] [ 64%] PASSED tests/test_orion_kernel.py::TestFullLifecycle::test_wake_proof_evolve_status_cycle 
tests/test_orion_kernel.py::TestFullLifecycle::test_hash_chain_integrity 
[gw0] [ 64%] PASSED tests/test_orion_kernel.py::TestFullLifecycle::test_hash_chain_integrity 
tests/test_orion_kernel.py::TestFullLifecycle::test_vitality_survives_multiple_cycles 
[gw0] [ 64%] PASSED tests/test_orion_kernel.py::TestFullLifecycle::test_vitality_survives_multiple_cycles 
tests/test_orion_kernel.py::TestFullLifecycle::test_orion_kernel_instance_exists 
[gw0] [ 65%] PASSED tests/test_orion_kernel.py::TestFullLifecycle::test_orion_kernel_instance_exists 
tests/test_plan_deviation.py::TestComputeItemDeviation::test_equal_floats_zero_deviation 
[gw0] [ 65%] PASSED tests/test_plan_deviation.py::TestComputeItemDeviation::test_equal_floats_zero_deviation 
tests/test_plan_deviation.py::TestComputeItemDeviation::test_float_deviation_10_percent 
[gw0] [ 65%] PASSED tests/test_plan_deviation.py::TestComputeItemDeviation::test_float_deviation_10_percent 
tests/test_plan_deviation.py::TestComputeItemDeviation::test_float_deviation_negative_direction 
[gw0] [ 66%] PASSED tests/test_plan_deviation.py::TestComputeItemDeviation::test_float_deviation_negative_direction 
tests/test_plan_deviation.py::TestComputeItemDeviation::test_plan_zero_actual_nonzero_critical 
[gw0] [ 66%] PASSED tests/test_plan_deviation.py::TestComputeItemDeviation::test_plan_zero_actual_nonzero_critical 
tests/test_plan_deviation.py::TestComputeItemDeviation::test_plan_zero_actual_zero_no_deviation 
[gw0] [ 66%] PASSED tests/test_plan_deviation.py::TestComputeItemDeviation::test_plan_zero_actual_zero_no_deviation 
tests/test_plan_deviation.py::TestComputeItemDeviation::test_integer_deviation 
[gw0] [ 66%] PASSED tests/test_plan_deviation.py::TestComputeItemDeviation::test_integer_deviation 
tests/test_plan_deviation.py::TestComputeItemDeviation::test_string_exact_match 
[gw0] [ 67%] PASSED tests/test_plan_deviation.py::TestComputeItemDeviation::test_string_exact_match 
tests/test_plan_deviation.py::TestComputeItemDeviation::test_string_mismatch 
[gw0] [ 67%] PASSED tests/test_plan_deviation.py::TestComputeItemDeviation::test_string_mismatch 
tests/test_plan_deviation.py::TestComputeItemDeviation::test_string_case_insensitive 
[gw0] [ 67%] PASSED tests/test_plan_deviation.py::TestComputeItemDeviation::test_string_case_insensitive 
tests/test_plan_deviation.py::TestComputeItemDeviation::test_boolean_true_true 
[gw0] [ 67%] PASSED tests/test_plan_deviation.py::TestComputeItemDeviation::test_boolean_true_true 
tests/test_plan_deviation.py::TestComputeItemDeviation::test_boolean_true_false 
[gw0] [ 68%] PASSED tests/test_plan_deviation.py::TestComputeItemDeviation::test_boolean_true_false 
tests/test_plan_deviation.py::TestComputeItemDeviation::test_large_deviation_is_capped_at_relative 
[gw0] [ 68%] PASSED tests/test_plan_deviation.py::TestComputeItemDeviation::test_large_deviation_is_capped_at_relative 
tests/test_plan_deviation.py::TestComputeItemDeviation::test_deterministic_repeated_calls 
[gw0] [ 68%] PASSED tests/test_plan_deviation.py::TestComputeItemDeviation::test_deterministic_repeated_calls 
tests/test_plan_deviation.py::TestClassifySeverity::test_zero_deviation_is_ok 
[gw0] [ 69%] PASSED tests/test_plan_deviation.py::TestClassifySeverity::test_zero_deviation_is_ok 
tests/test_plan_deviation.py::TestClassifySeverity::test_below_warning_threshold_is_ok 
[gw0] [ 69%] PASSED tests/test_plan_deviation.py::TestClassifySeverity::test_below_warning_threshold_is_ok 
tests/test_plan_deviation.py::TestClassifySeverity::test_exactly_warning_threshold_is_ok 
[gw0] [ 69%] PASSED tests/test_plan_deviation.py::TestClassifySeverity::test_exactly_warning_threshold_is_ok 
tests/test_plan_deviation.py::TestClassifySeverity::test_above_warning_threshold_is_warning 
[gw0] [ 69%] PASSED tests/test_plan_deviation.py::TestClassifySeverity::test_above_warning_threshold_is_warning 
tests/test_plan_deviation.py::TestClassifySeverity::test_below_critical_threshold_is_warning 
[gw0] [ 70%] PASSED tests/test_plan_deviation.py::TestClassifySeverity::test_below_critical_threshold_is_warning 
tests/test_plan_deviation.py::TestClassifySeverity::test_exactly_critical_threshold_is_warning 
[gw0] [ 70%] PASSED tests/test_plan_deviation.py::TestClassifySeverity::test_exactly_critical_threshold_is_warning 
tests/test_plan_deviation.py::TestClassifySeverity::test_above_critical_threshold_is_critical 
[gw0] [ 70%] PASSED tests/test_plan_deviation.py::TestClassifySeverity::test_above_critical_threshold_is_critical 
tests/test_plan_deviation.py::TestClassifySeverity::test_full_deviation_is_critical 
[gw0] [ 71%] PASSED tests/test_plan_deviation.py::TestClassifySeverity::test_full_deviation_is_critical 
tests/test_plan_deviation.py::TestClassifySeverity::test_extreme_deviation_is_critical 
[gw0] [ 71%] PASSED tests/test_plan_deviation.py::TestClassifySeverity::test_extreme_deviation_is_critical 
tests/test_plan_deviation.py::TestClassifySeverity::test_severity_map_matches_states 
[gw0] [ 71%] PASSED tests/test_plan_deviation.py::TestClassifySeverity::test_severity_map_matches_states 
tests/test_plan_deviation.py::TestEvaluatePlanDeviationStructure::test_returns_dict_with_required_keys 
[gw0] [ 71%] PASSED tests/test_plan_deviation.py::TestEvaluatePlanDeviationStructure::test_returns_dict_with_required_keys 
tests/test_plan_deviation.py::TestEvaluatePlanDeviationStructure::test_audit_hash_is_sha256 
[gw0] [ 72%] PASSED tests/test_plan_deviation.py::TestEvaluatePlanDeviationStructure::test_audit_hash_is_sha256 
tests/test_plan_deviation.py::TestEvaluatePlanDeviationStructure::test_empty_plan_perfect_compliance 
[gw0] [ 72%] PASSED tests/test_plan_deviation.py::TestEvaluatePlanDeviationStructure::test_empty_plan_perfect_compliance 
tests/test_plan_deviation.py::TestEvaluatePlanDeviationStructure::test_total_items_matches_plan_keys 
[gw0] [ 72%] PASSED tests/test_plan_deviation.py::TestEvaluatePlanDeviationStructure::test_total_items_matches_plan_keys 
tests/test_plan_deviation.py::TestEvaluatePlanDeviationStructure::test_evaluated_at_is_iso_string 
[gw0] [ 73%] PASSED tests/test_plan_deviation.py::TestEvaluatePlanDeviationStructure::test_evaluated_at_is_iso_string 
tests/test_plan_deviation.py::TestEvaluatePlanDeviationOK::test_all_numeric_plan_met 
[gw0] [ 73%] PASSED tests/test_plan_deviation.py::TestEvaluatePlanDeviationOK::test_all_numeric_plan_met 
tests/test_plan_deviation.py::TestEvaluatePlanDeviationOK::test_string_values_match 
[gw0] [ 73%] PASSED tests/test_plan_deviation.py::TestEvaluatePlanDeviationOK::test_string_values_match 
tests/test_plan_deviation.py::TestEvaluatePlanDeviationOK::test_small_numeric_tolerance_within_warning 
[gw0] [ 73%] PASSED tests/test_plan_deviation.py::TestEvaluatePlanDeviationOK::test_small_numeric_tolerance_within_warning 
tests/test_plan_deviation.py::TestEvaluatePlanDeviationOK::test_compliance_score_one_for_perfect_match 
[gw0] [ 74%] PASSED tests/test_plan_deviation.py::TestEvaluatePlanDeviationOK::test_compliance_score_one_for_perfect_match 
tests/test_plan_deviation.py::TestEvaluatePlanDeviationWarning::test_6_percent_deviation_triggers_warning 
[gw0] [ 74%] PASSED tests/test_plan_deviation.py::TestEvaluatePlanDeviationWarning::test_6_percent_deviation_triggers_warning 
tests/test_plan_deviation.py::TestEvaluatePlanDeviationWarning::test_10_percent_deviation_is_warning 
[gw0] [ 74%] PASSED tests/test_plan_deviation.py::TestEvaluatePlanDeviationWarning::test_10_percent_deviation_is_warning 
tests/test_plan_deviation.py::TestEvaluatePlanDeviationWarning::test_mixed_ok_and_warning 
[gw0] [ 75%] PASSED tests/test_plan_deviation.py::TestEvaluatePlanDeviationWarning::test_mixed_ok_and_warning 
tests/test_plan_deviation.py::TestEvaluatePlanDeviationWarning::test_violated_items_contains_warning_entry 
[gw0] [ 75%] PASSED tests/test_plan_deviation.py::TestEvaluatePlanDeviationWarning::test_violated_items_contains_warning_entry 
tests/test_plan_deviation.py::TestEvaluatePlanDeviationWarning::test_compliance_score_below_one_for_violation 
[gw0] [ 75%] PASSED tests/test_plan_deviation.py::TestEvaluatePlanDeviationWarning::test_compliance_score_below_one_for_violation 
tests/test_plan_deviation.py::TestEvaluatePlanDeviationCritical::test_25_percent_deviation_is_critical 
[gw0] [ 75%] PASSED tests/test_plan_deviation.py::TestEvaluatePlanDeviationCritical::test_25_percent_deviation_is_critical 
tests/test_plan_deviation.py::TestEvaluatePlanDeviationCritical::test_missing_actual_value_is_critical 
[gw0] [ 76%] PASSED tests/test_plan_deviation.py::TestEvaluatePlanDeviationCritical::test_missing_actual_value_is_critical 
tests/test_plan_deviation.py::TestEvaluatePlanDeviationCritical::test_string_mismatch_is_critical 
[gw0] [ 76%] PASSED tests/test_plan_deviation.py::TestEvaluatePlanDeviationCritical::test_string_mismatch_is_critical 
tests/test_plan_deviation.py::TestEvaluatePlanDeviationCritical::test_boolean_mismatch_is_critical 
[gw0] [ 76%] PASSED tests/test_plan_deviation.py::TestEvaluatePlanDeviationCritical::test_boolean_mismatch_is_critical 
tests/test_plan_deviation.py::TestEvaluatePlanDeviationCritical::test_all_missing_values_zero_compliance 
[gw0] [ 76%] PASSED tests/test_plan_deviation.py::TestEvaluatePlanDeviationCritical::test_all_missing_values_zero_compliance 
tests/test_plan_deviation.py::TestEvaluatePlanDeviationCritical::test_mixed_critical_dominates_warning 
[gw0] [ 77%] PASSED tests/test_plan_deviation.py::TestEvaluatePlanDeviationCritical::test_mixed_critical_dominates_warning 
tests/test_plan_deviation.py::TestEvaluatePlanDeviationCritical::test_compliance_score_zero_all_critical 
[gw0] [ 77%] PASSED tests/test_plan_deviation.py::TestEvaluatePlanDeviationCritical::test_compliance_score_zero_all_critical 
tests/test_plan_deviation.py::TestEvaluatePlanDeviationAuditTrail::test_audit_hash_deterministic 
[gw0] [ 77%] PASSED tests/test_plan_deviation.py::TestEvaluatePlanDeviationAuditTrail::test_audit_hash_deterministic 
tests/test_plan_deviation.py::TestEvaluatePlanDeviationAuditTrail::test_different_inputs_different_hash 
[gw0] [ 78%] PASSED tests/test_plan_deviation.py::TestEvaluatePlanDeviationAuditTrail::test_different_inputs_different_hash 
tests/test_plan_deviation.py::TestEvaluatePlanDeviationAuditTrail::test_violation_appends_proof 
[gw0] [ 78%] PASSED tests/test_plan_deviation.py::TestEvaluatePlanDeviationAuditTrail::test_violation_appends_proof 
tests/test_plan_deviation.py::TestEvaluatePlanDeviationAuditTrail::test_no_proof_added_for_ok_result 
[gw0] [ 78%] PASSED tests/test_plan_deviation.py::TestEvaluatePlanDeviationAuditTrail::test_no_proof_added_for_ok_result 
tests/test_plan_deviation.py::TestEvaluatePlanDeviationAuditTrail::test_proof_kind_is_plan_deviation 
[gw0] [ 78%] PASSED tests/test_plan_deviation.py::TestEvaluatePlanDeviationAuditTrail::test_proof_kind_is_plan_deviation 
tests/test_plan_deviation.py::TestEvaluatePlanDeviationBuildingScenarios::test_scenario_energy_efficiency_ok 
[gw0] [ 79%] PASSED tests/test_plan_deviation.py::TestEvaluatePlanDeviationBuildingScenarios::test_scenario_energy_efficiency_ok 
tests/test_plan_deviation.py::TestEvaluatePlanDeviationBuildingScenarios::test_scenario_energy_efficiency_critical 
[gw0] [ 79%] PASSED tests/test_plan_deviation.py::TestEvaluatePlanDeviationBuildingScenarios::test_scenario_energy_efficiency_critical 
tests/test_plan_deviation.py::TestEvaluatePlanDeviationBuildingScenarios::test_scenario_fire_compartments_exceeded 
[gw0] [ 79%] PASSED tests/test_plan_deviation.py::TestEvaluatePlanDeviationBuildingScenarios::test_scenario_fire_compartments_exceeded 
tests/test_plan_deviation.py::TestEvaluatePlanDeviationBuildingScenarios::test_scenario_floor_count_deviation 
[gw0] [ 80%] PASSED tests/test_plan_deviation.py::TestEvaluatePlanDeviationBuildingScenarios::test_scenario_floor_count_deviation 
tests/test_plan_deviation.py::TestEvaluatePlanDeviationBuildingScenarios::test_scenario_bundesland_changed 
[gw0] [ 80%] PASSED tests/test_plan_deviation.py::TestEvaluatePlanDeviationBuildingScenarios::test_scenario_bundesland_changed 
tests/test_plan_deviation.py::TestEvaluatePlanDeviationBuildingScenarios::test_scenario_all_parameters_perfect 
[gw0] [ 80%] PASSED tests/test_plan_deviation.py::TestEvaluatePlanDeviationBuildingScenarios::test_scenario_all_parameters_perfect 
tests/test_plan_deviation.py::TestEvaluatePlanDeviationBuildingScenarios::test_scenario_partial_data_available 
[gw0] [ 80%] PASSED tests/test_plan_deviation.py::TestEvaluatePlanDeviationBuildingScenarios::test_scenario_partial_data_available 
tests/test_plan_deviation.py::TestOIBComplianceViolationPaths::test_rl1_below_3_floors_no_warning 
[gw0] [ 81%] PASSED tests/test_plan_deviation.py::TestOIBComplianceViolationPaths::test_rl1_below_3_floors_no_warning 
tests/test_plan_deviation.py::TestOIBComplianceViolationPaths::test_rl1_3_or_more_floors_triggers_warning 
[gw0] [ 81%] PASSED tests/test_plan_deviation.py::TestOIBComplianceViolationPaths::test_rl1_3_or_more_floors_triggers_warning 
tests/test_plan_deviation.py::TestOIBComplianceViolationPaths::test_rl1_high_rise_triggers_warning 
[gw0] [ 81%] PASSED tests/test_plan_deviation.py::TestOIBComplianceViolationPaths::test_rl1_high_rise_triggers_warning 
tests/test_plan_deviation.py::TestOIBComplianceViolationPaths::test_rl1_deterministic_for_same_floor_count 
[gw0] [ 82%] PASSED tests/test_plan_deviation.py::TestOIBComplianceViolationPaths::test_rl1_deterministic_for_same_floor_count 
tests/test_plan_deviation.py::TestOIBComplianceViolationPaths::test_rl2_small_building_single_compartment 
[gw0] [ 82%] PASSED tests/test_plan_deviation.py::TestOIBComplianceViolationPaths::test_rl2_small_building_single_compartment 
tests/test_plan_deviation.py::TestOIBComplianceViolationPaths::test_rl2_large_building_fires_warning 
[gw0] [ 82%] PASSED tests/test_plan_deviation.py::TestOIBComplianceViolationPaths::test_rl2_large_building_fires_warning 
tests/test_plan_deviation.py::TestOIBComplianceViolationPaths::test_rl2_office_compartment_limit_800 
[gw0] [ 82%] PASSED tests/test_plan_deviation.py::TestOIBComplianceViolationPaths::test_rl2_office_compartment_limit_800 
tests/test_plan_deviation.py::TestOIBComplianceViolationPaths::test_rl2_5_floors_requires_fire_alarm 
[gw0] [ 83%] PASSED tests/test_plan_deviation.py::TestOIBComplianceViolationPaths::test_rl2_5_floors_requires_fire_alarm 
tests/test_plan_deviation.py::TestOIBComplianceViolationPaths::test_rl2_rei_increases_with_floors 
[gw0] [ 83%] PASSED tests/test_plan_deviation.py::TestOIBComplianceViolationPaths::test_rl2_rei_increases_with_floors 
tests/test_plan_deviation.py::TestOIBComplianceViolationPaths::test_rl2_boundary_exactly_1200m2_passes 
[gw0] [ 83%] PASSED tests/test_plan_deviation.py::TestOIBComplianceViolationPaths::test_rl2_boundary_exactly_1200m2_passes 
tests/test_plan_deviation.py::TestOIBComplianceViolationPaths::test_rl2_boundary_1201m2_warns 
[gw0] [ 83%] PASSED tests/test_plan_deviation.py::TestOIBComplianceViolationPaths::test_rl2_boundary_1201m2_warns 
tests/test_plan_deviation.py::TestOIBComplianceViolationPaths::test_rl3_under_6_units_no_storage_check 
[gw0] [ 84%] PASSED tests/test_plan_deviation.py::TestOIBComplianceViolationPaths::test_rl3_under_6_units_no_storage_check 
tests/test_plan_deviation.py::TestOIBComplianceViolationPaths::test_rl3_6_or_more_units_triggers_storage_check 
[gw0] [ 84%] PASSED tests/test_plan_deviation.py::TestOIBComplianceViolationPaths::test_rl3_6_or_more_units_triggers_storage_check 
tests/test_plan_deviation.py::TestOIBComplianceViolationPaths::test_rl3_no_wohnungen_passes 
[gw0] [ 84%] PASSED tests/test_plan_deviation.py::TestOIBComplianceViolationPaths::test_rl3_no_wohnungen_passes 
tests/test_plan_deviation.py::TestOIBComplianceViolationPaths::test_rl4_less_than_4_floors_no_elevator 
[gw0] [ 85%] PASSED tests/test_plan_deviation.py::TestOIBComplianceViolationPaths::test_rl4_less_than_4_floors_no_elevator 
tests/test_plan_deviation.py::TestOIBComplianceViolationPaths::test_rl4_4_or_more_floors_requires_elevator 
[gw0] [ 85%] PASSED tests/test_plan_deviation.py::TestOIBComplianceViolationPaths::test_rl4_4_or_more_floors_requires_elevator 
tests/test_plan_deviation.py::TestOIBComplianceViolationPaths::test_rl4_5_or_more_floors_second_escape_route_warning 
[gw0] [ 85%] PASSED tests/test_plan_deviation.py::TestOIBComplianceViolationPaths::test_rl4_5_or_more_floors_second_escape_route_warning 
tests/test_plan_deviation.py::TestOIBComplianceViolationPaths::test_rl4_stair_width_increases_at_4_floors 
[gw0] [ 85%] PASSED tests/test_plan_deviation.py::TestOIBComplianceViolationPaths::test_rl4_stair_width_increases_at_4_floors 
tests/test_plan_deviation.py::TestOIBComplianceViolationPaths::test_rl5_standard_wohngebaeude 
[gw0] [ 86%] PASSED tests/test_plan_deviation.py::TestOIBComplianceViolationPaths::test_rl5_standard_wohngebaeude 
tests/test_plan_deviation.py::TestOIBComplianceViolationPaths::test_rl5_mehrfamilienhaus_elevated_requirements 
[gw0] [ 86%] PASSED tests/test_plan_deviation.py::TestOIBComplianceViolationPaths::test_rl5_mehrfamilienhaus_elevated_requirements 
tests/test_plan_deviation.py::TestOIBComplianceViolationPaths::test_rl5_wohnanlage_elevated_requirements 
[gw0] [ 86%] PASSED tests/test_plan_deviation.py::TestOIBComplianceViolationPaths::test_rl5_wohnanlage_elevated_requirements 
tests/test_plan_deviation.py::TestOIBComplianceViolationPaths::test_rl6_salzburg_sonderregelung 
[gw0] [ 87%] PASSED tests/test_plan_deviation.py::TestOIBComplianceViolationPaths::test_rl6_salzburg_sonderregelung 
tests/test_plan_deviation.py::TestOIBComplianceViolationPaths::test_rl6_vienna_passes 
[gw0] [ 87%] PASSED tests/test_plan_deviation.py::TestOIBComplianceViolationPaths::test_rl6_vienna_passes 
tests/test_plan_deviation.py::TestOIBComplianceViolationPaths::test_rl6_pv_required_for_large_buildings 
[gw0] [ 87%] PASSED tests/test_plan_deviation.py::TestOIBComplianceViolationPaths::test_rl6_pv_required_for_large_buildings 
tests/test_plan_deviation.py::TestOIBComplianceViolationPaths::test_rl6_pv_not_required_below_1000m2 
[gw0] [ 87%] PASSED tests/test_plan_deviation.py::TestOIBComplianceViolationPaths::test_rl6_pv_not_required_below_1000m2 
tests/test_plan_deviation.py::TestOIBComplianceViolationPaths::test_rl6_fgee_check_present 
[gw0] [ 88%] PASSED tests/test_plan_deviation.py::TestOIBComplianceViolationPaths::test_rl6_fgee_check_present 
tests/test_plan_deviation.py::TestOIBComplianceViolationPaths::test_rl6_deterministic_same_inputs 
[gw0] [ 88%] PASSED tests/test_plan_deviation.py::TestOIBComplianceViolationPaths::test_rl6_deterministic_same_inputs 
tests/test_plan_deviation.py::TestOIBComplianceViolationPaths::test_rl7_always_passes 
[gw0] [ 88%] PASSED tests/test_plan_deviation.py::TestOIBComplianceViolationPaths::test_rl7_always_passes 
tests/test_plan_deviation.py::TestOIBComplianceViolationPaths::test_rl7_has_required_checks 
[gw0] [ 89%] PASSED tests/test_plan_deviation.py::TestOIBComplianceViolationPaths::test_rl7_has_required_checks 
tests/test_plan_deviation.py::TestOIBComplianceViolationPaths::test_radon_not_required_in_wien 
[gw0] [ 89%] PASSED tests/test_plan_deviation.py::TestOIBComplianceViolationPaths::test_radon_not_required_in_wien 
tests/test_plan_deviation.py::TestOIBComplianceViolationPaths::test_radon_required_in_tirol 
[gw0] [ 89%] PASSED tests/test_plan_deviation.py::TestOIBComplianceViolationPaths::test_radon_required_in_tirol 
tests/test_plan_deviation.py::TestOIBComplianceViolationPaths::test_radon_required_in_niederoesterreich 
[gw0] [ 89%] PASSED tests/test_plan_deviation.py::TestOIBComplianceViolationPaths::test_radon_required_in_niederoesterreich 
tests/test_plan_deviation.py::TestOIBComplianceViolationPaths::test_radon_all_affected_bundeslaender 
[gw0] [ 90%] PASSED tests/test_plan_deviation.py::TestOIBComplianceViolationPaths::test_radon_all_affected_bundeslaender 
tests/test_plan_deviation.py::TestOIBComplianceViolationPaths::test_radon_not_required_in_burgenland 
[gw0] [ 90%] PASSED tests/test_plan_deviation.py::TestOIBComplianceViolationPaths::test_radon_not_required_in_burgenland 
tests/test_plan_deviation.py::TestOIBComplianceViolationPaths::test_radon_deterministic 
[gw0] [ 90%] PASSED tests/test_plan_deviation.py::TestOIBComplianceViolationPaths::test_radon_deterministic 
tests/test_plan_deviation.py::TestDeterminismInvariant::test_evaluate_plan_deviation_deterministic_ok 
[gw0] [ 91%] PASSED tests/test_plan_deviation.py::TestDeterminismInvariant::test_evaluate_plan_deviation_deterministic_ok 
tests/test_plan_deviation.py::TestDeterminismInvariant::test_evaluate_plan_deviation_deterministic_critical 
[gw0] [ 91%] PASSED tests/test_plan_deviation.py::TestDeterminismInvariant::test_evaluate_plan_deviation_deterministic_critical 
tests/test_plan_deviation.py::TestDeterminismInvariant::test_oib_rl2_deterministic_boundary 
[gw0] [ 91%] PASSED tests/test_plan_deviation.py::TestDeterminismInvariant::test_oib_rl2_deterministic_boundary 
tests/test_plan_deviation.py::TestDeterminismInvariant::test_severity_classification_deterministic 
[gw0] [ 91%] PASSED tests/test_plan_deviation.py::TestDeterminismInvariant::test_severity_classification_deterministic 
tests/test_plan_deviation.py::TestDeterminismInvariant::test_audit_hash_stable_across_runs 
[gw0] [ 92%] PASSED tests/test_plan_deviation.py::TestDeterminismInvariant::test_audit_hash_stable_across_runs 
tests/test_plan_deviation.py::TestCombinedComplianceAndDeviation::test_full_building_project_compliant 
[gw0] [ 92%] PASSED tests/test_plan_deviation.py::TestCombinedComplianceAndDeviation::test_full_building_project_compliant 
tests/test_plan_deviation.py::TestCombinedComplianceAndDeviation::test_energy_target_missed_critical 
[gw0] [ 92%] PASSED tests/test_plan_deviation.py::TestCombinedComplianceAndDeviation::test_energy_target_missed_critical 
tests/test_plan_deviation.py::TestCombinedComplianceAndDeviation::test_floor_count_escalation 
[gw0] [ 92%] PASSED tests/test_plan_deviation.py::TestCombinedComplianceAndDeviation::test_floor_count_escalation 
tests/test_plan_deviation.py::TestCombinedComplianceAndDeviation::test_multi_parameter_violation_report 
[gw0] [ 93%] PASSED tests/test_plan_deviation.py::TestCombinedComplianceAndDeviation::test_multi_parameter_violation_report 
[gw1] [ 93%] PASSED tests/test_kb_validation.py::TestRISIntegration::test_check_ris_tirol 
tests/test_kb_validation.py::TestRISIntegration::test_check_ris_wien 
[gw1] [ 93%] PASSED tests/test_kb_validation.py::TestRISIntegration::test_check_ris_wien 
tests/test_kb_validation.py::TestNaturgefahren::test_check_naturgefahren_basic 
[gw1] [ 94%] PASSED tests/test_kb_validation.py::TestNaturgefahren::test_check_naturgefahren_basic 
tests/test_kb_validation.py::TestNaturgefahren::test_check_naturgefahren_with_plz 
[gw1] [ 94%] PASSED tests/test_kb_validation.py::TestNaturgefahren::test_check_naturgefahren_with_plz 
tests/test_kb_validation.py::TestNaturgefahren::test_check_naturgefahren_with_gemeinde 
[gw1] [ 94%] PASSED tests/test_kb_validation.py::TestNaturgefahren::test_check_naturgefahren_with_gemeinde 
tests/test_kb_validation.py::TestDataFreshness::test_check_data_freshness_aktuell 
[gw1] [ 94%] PASSED tests/test_kb_validation.py::TestDataFreshness::test_check_data_freshness_aktuell 
tests/test_kb_validation.py::TestDataFreshness::test_check_data_freshness_veraltet 
[gw1] [ 95%] PASSED tests/test_kb_validation.py::TestDataFreshness::test_check_data_freshness_veraltet 
tests/test_kb_validation.py::TestDataFreshness::test_check_data_freshness_invalid_date 
[gw1] [ 95%] PASSED tests/test_kb_validation.py::TestDataFreshness::test_check_data_freshness_invalid_date 
tests/test_kb_validation.py::TestValidationReport::test_validate_knowledge_base_basic 
[gw1] [ 95%] PASSED tests/test_kb_validation.py::TestValidationReport::test_validate_knowledge_base_basic 
tests/test_kb_validation.py::TestValidationReport::test_validate_knowledge_base_full 
[gw1] [ 96%] PASSED tests/test_kb_validation.py::TestValidationReport::test_validate_knowledge_base_full 
tests/test_kb_validation.py::TestValidationReport::test_export_validation_report_json 
[gw1] [ 96%] PASSED tests/test_kb_validation.py::TestValidationReport::test_export_validation_report_json 
tests/test_kb_validation.py::TestValidationReport::test_export_validation_report_text 
[gw1] [ 96%] PASSED tests/test_kb_validation.py::TestValidationReport::test_export_validation_report_text 
tests/test_kb_validation.py::TestCheckAllStandards::test_check_all_standards_count 
[gw1] [ 96%] PASSED tests/test_kb_validation.py::TestCheckAllStandards::test_check_all_standards_count 
tests/test_kb_validation.py::TestCheckAllStandards::test_check_all_standards_structure 
[gw1] [ 97%] PASSED tests/test_kb_validation.py::TestCheckAllStandards::test_check_all_standards_structure 
tests/test_kb_validation.py::TestCaching::test_cache_invalidation 
[gw1] [ 97%] PASSED tests/test_kb_validation.py::TestCaching::test_cache_invalidation 
tests/test_kb_validation.py::TestIntegration::test_complete_validation_workflow 
[gw1] [ 97%] PASSED tests/test_kb_validation.py::TestIntegration::test_complete_validation_workflow 
tests/test_orion_architekt_at.py::TestBundeslaender::test_all_bundeslaender_exist 
[gw1] [ 98%] PASSED tests/test_orion_architekt_at.py::TestBundeslaender::test_all_bundeslaender_exist 
tests/test_orion_architekt_at.py::TestBundeslaender::test_bundesland_structure 
[gw1] [ 98%] PASSED tests/test_orion_architekt_at.py::TestBundeslaender::test_bundesland_structure 
tests/test_orion_architekt_at.py::TestOIBRichtlinien::test_all_oib_rl_exist 
[gw1] [ 98%] PASSED tests/test_orion_architekt_at.py::TestOIBRichtlinien::test_all_oib_rl_exist 
tests/test_orion_architekt_at.py::TestOIBRichtlinien::test_oib_rl_structure 
[gw1] [ 98%] PASSED tests/test_orion_architekt_at.py::TestOIBRichtlinien::test_oib_rl_structure 
tests/test_orion_architekt_at.py::TestUWertBerechnung::test_uwert_simple_wall 
[gw1] [ 99%] PASSED tests/test_orion_architekt_at.py::TestUWertBerechnung::test_uwert_simple_wall 
tests/test_orion_architekt_at.py::TestUWertBerechnung::test_uwert_oib_konform 
[gw1] [ 99%] PASSED tests/test_orion_architekt_at.py::TestUWertBerechnung::test_uwert_oib_konform 
tests/test_orion_architekt_at.py::TestStellplatzberechnung::test_stellplatz_wohnbau_tirol 
[gw1] [ 99%] PASSED tests/test_orion_architekt_at.py::TestStellplatzberechnung::test_stellplatz_wohnbau_tirol 
tests/test_orion_architekt_at.py::TestStellplatzberechnung::test_stellplatz_wohnbau_wien 
[gw1] [100%] PASSED tests/test_orion_architekt_at.py::TestStellplatzberechnung::test_stellplatz_wohnbau_wien 

=============================== warnings summary ===============================
tests/test_api_comprehensive.py::TestErrorHandling::test_invalid_json_body
  /home/runner/.local/lib/python3.12/site-packages/httpx/_models.py:408: DeprecationWarning: Use 'content=<...>' to upload raw bytes/text content.
    headers, stream = encode_request(

-- Docs: https://docs.pytest.org/en/stable/how-to/capture-warnings.html
================================ tests coverage ================================
_______________ coverage: platform linux, python 3.12.3-final-0 ________________

Name                                       Stmts   Miss  Cover
--------------------------------------------------------------
ai_quantity_takeoff.py                       133    133     0%
ai_tender_evaluation.py                      187    187     0%
api/__init__.py                                1      0   100%
api/database.py                               17      6    65%
api/graphql_schema.py                        269    269     0%
api/main.py                                   88     17    81%
api/middleware/__init__.py                     5      0   100%
api/middleware/auth.py                        46     19    59%
api/middleware/logging_middleware.py          96     42    56%
api/middleware/rate_limit.py                 131     56    57%
api/middleware/security_advanced.py          101     61    40%
api/models.py                                116      2    98%
api/routers/__init__.py                        0      0   100%
api/routers/advanced_ai.py                   128    128     0%
api/routers/ai_recommendations.py             68     41    40%
api/routers/bim_integration.py               186    138    26%
api/routers/bundesland.py                     27     11    59%
api/routers/calculations.py                  194     12    94%
api/routers/collaboration.py                 156     74    53%
api/routers/compliance.py                    110     13    88%
api/routers/monitoring.py                    115    115     0%
api/routers/reports.py                        24      6    75%
api/routers/tendering.py                     170     63    63%
api/routers/validation.py                     20      3    85%
api/safety/__init__.py                         3      0   100%
api/safety/audit_trail.py                    135     16    88%
api/validation.py                            278    110    60%
app.py                                       935    935     0%
automatic_load_calculation.py                196    196     0%
bim_ifc_real.py                              229    229     0%
e_procurement.py                             193     81    58%
eidas_signature.py                           125     24    81%
eurocode_ec2_at/src/beton_träger_v1.py       234     43    82%
eurocode_ec3_at/src/stahl_träger_v1.py       159     35    78%
eurocode_ec6_at/src/mauerwerk_wand_v1.py     101     25    75%
eurocode_ec7_at/src/fundament_v1.py          100     20    80%
eurocode_ec8_at/src/erdbeben_v1.py            95     20    79%
examples_multi_agent.py                       94     94     0%
generative_design_ai.py                      338    338     0%
integration_fixes.py                         119    119     0%
iso_19650_bim.py                             127    127     0%
live_cost_database.py                        110    110     0%
main.py                                       56     56     0%
models.py                                     71     71     0%
orion_agent_core.py                          704    704     0%
orion_architekt.py                            29     29     0%
orion_architekt_at.py                        813    483    41%
orion_calendar.py                             78     78     0%
orion_emergenz.py                             93     93     0%
orion_exceptions.py                          106    106     0%
orion_gmail.py                               136    136     0%
orion_heartbeat.py                           236    236     0%
orion_kb_validation.py                       249     66    73%
orion_kernel.py                              201      2    99%
orion_lang.py                                227    227     0%
orion_lang_advanced.py                       283    283     0%
orion_logging.py                              88     40    55%
orion_master_integration.py                  237    237     0%
orion_multi_agent_system.py                  245    245     0%
orion_oenorm_a2063.py                        254    202    20%
orion_trajectory.py                           76     76     0%
reinforcement_detailing.py                   329    329     0%
setup.py                                       9      9     0%
structural_engineering_integration.py        202    202     0%
structural_software_connectors.py            268    268     0%
sustainability_esg.py                        299    299     0%
test_ai_integration.py                       132    132     0%
test_api_endpoints.py                        241    241     0%
test_complete_integration.py                 226    226     0%
test_genesis_integration.py                  128    128     0%
test_multi_agent_integration.py              140    140     0%
test_orion_oenorm_a2063.py                   141    141     0%
--------------------------------------------------------------
TOTAL                                      12256   9403    23%
Coverage HTML written to dir htmlcov
Coverage XML written to file coverage.xml
======================= 356 passed, 1 warning in 16.33s ========================
